// Jest Snapshot v1, https://goo.gl/fbAQLP

exports[`Home should render 1`] = `
<TestProvider>
  <Provider router={{...}} app={{...}} history={{...}}>
    <MuiThemeProviderOld theme={{...}}>
      <inject-Home-with-app>
        <Home app={{...}}>
          <WithStyles(b)>
            <b classes={{...}} inset={true}>
              <div className="RSFContainer-root-1 RSFContainer-inset-2">
                <WithStyles(b)>
                  <b classes={{...}}>
                    <div className="RSFRow-root-3">
                      <WithStyles(Typography) variant="h4">
                        <Typography variant="h4" theme={{...}} classes={{...}} align="inherit" color="default" gutterBottom={false} headlineMapping={{...}} inline={false} noWrap={false} paragraph={false}>
                          <h4 className="MuiTypography-root-4 MuiTypography-h4-19">
                            React Storefront Upgrade
                          </h4>
                        </Typography>
                      </WithStyles(Typography)>
                    </div>
                  </b>
                </WithStyles(b)>
                <WithStyles(b)>
                  <b classes={{...}}>
                    <div className="RSFRow-root-3">
                      <WithStyles(Typography) variant="subtitle1">
                        <Typography variant="subtitle1" theme={{...}} classes={{...}} align="inherit" color="default" gutterBottom={false} headlineMapping={{...}} inline={false} noWrap={false} paragraph={false}>
                          <h6 className="MuiTypography-root-4 MuiTypography-subtitle1-22">
                            <WithStyles(b)>
                              <b classes={{...}} />
                            </WithStyles(b)>
                          </h6>
                        </Typography>
                      </WithStyles(Typography)>
                    </div>
                  </b>
                </WithStyles(b)>
              </div>
            </b>
          </WithStyles(b)>
        </Home>
      </inject-Home-with-app>
    </MuiThemeProviderOld>
  </Provider>
</TestProvider>
`;
