// Jest Snapshot v1, https://goo.gl/fbAQLP

exports[`Search should render the search view 1`] = `
<Search>
  <div>
    Search
  </div>
</Search>
`;
